[36mvite v8.0.1 [32mbuilding client environment for production...[36m[39m
[2K
transforming...Γ£ô 553 modules transformed.
node.exe : 
[31mΓ£ù[39m Build 
failed in 3.97s
At line:1 char:1
+ & 
"D:\nodejs/node.exe" 
"C:\Users\Govindi Thar
shika\AppData\Roaming\
np ...
+ ~~~~~~~~~~~~~~~~~~~~
~~~~~~~~~~~~~~~~~~~~~~
~~~~~~~~~~~~~~~~~~~~~~
~~~~~
    + CategoryInfo    
          : NotSpeci  
  fied: ([31mΓ£ù[   
 39m Build failed     
in 3.97s:String)     
[], RemoteExcepti    
on
    + FullyQualifiedE 
   rrorId : NativeCo  
  mmandError
 
[31merror during 
build:
[31mBuild failed 
with 1 error:

[31m[builtin:vite-tra
nsform] Error:[0m 
Unexpected token. Did 
you mean `{'}'}` or 
`&rbrace;`?
     [38;5;246mΓò¡[0
m[38;5;246mΓöÇ[0m[3
8;5;246m[[0m src/page
s/user/PaymentDetails.
jsx:344:1 
[38;5;246m][0m
     
[38;5;246mΓöé[0m
 [38;5;246m344 
Γöé[0m [38;5;249m}[
0m[38;5;249m;[0m
 [38;5;240m    
Γöé[0m Γöé 
 [38;5;240m    
Γöé[0m Γò░ΓöÇ 
[38;5;246mΓöÇΓöÇΓöÇΓö
ÇΓöÇΓò»[0m
[31m
    at aggregateBindin
gErrorsIntoJsError (fi
le:///C:/Users/Govindi
%20Tharshika/Documents
/EvonTech/SoleVora/SOL
EVORA/frontend/node_mo
dules/rolldown/dist/sh
ared/error-BO4SlZV_.mj
s:48:18)
    at 
unwrapBindingResult (f
ile:///C:/Users/Govind
i%20Tharshika/Document
s/EvonTech/SoleVora/SO
LEVORA/frontend/node_m
odules/rolldown/dist/s
hared/error-BO4SlZV_.m
js:18:128)
    at #build (file://
/C:/Users/Govindi%20Th
arshika/Documents/Evon
Tech/SoleVora/SOLEVORA
/frontend/node_modules
/rolldown/dist/shared/
rolldown-build-yQC7KN8
K.mjs:3311:34)
    at async 
buildEnvironment (file
:///C:/Users/Govindi%2
0Tharshika/Documents/E
vonTech/SoleVora/SOLEV
ORA/frontend/node_modu
les/vite/dist/node/chu
nks/node.js:32817:64)
    at async 
Object.build (file:///
C:/Users/Govindi%20Tha
rshika/Documents/EvonT
ech/SoleVora/SOLEVORA/
frontend/node_modules/
vite/dist/node/chunks/
node.js:33239:19)
    at async 
Object.buildApp (file:
///C:/Users/Govindi%20
Tharshika/Documents/Ev
onTech/SoleVora/SOLEVO
RA/frontend/node_modul
es/vite/dist/node/chun
ks/node.js:33236:153)
    at async 
CAC.<anonymous> (file:
///C:/Users/Govindi%20
Tharshika/Documents/Ev
onTech/SoleVora/SOLEVO
RA/frontend/node_modul
es/vite/dist/node/cli.
js:778:3) {
  errors: 
[Getter/Setter]
}[39m
